{
    "header": {
        "$ACADVER": "AC1027",
        "$ACADMAINTVER": 55,
        "$DWGCODEPAGE": "ANSI_1252",
        "$LASTSAVEDBY": "Shane",
        "$REQUIREDVERSIONS": 0,
        "$INSBASE": {
            "x": 0,
            "y": 0,
            "z": 0
        },
        "$EXTMIN": {
            "x": 146.8403717847312,
            "y": 141.8294137695975,
            "z": -5.934454319554902
        },
        "$EXTMAX": {
            "x": 762.6679804989191,
            "y": 545.821967323924,
            "z": 6.065545680445099
        },
        "$LIMMIN": {
            "x": 0,
            "y": 0
        },
        "$LIMMAX": {
            "x": 1000,
            "y": 800
        },
        "$ORTHOMODE": 1,
        "$REGENMODE": 1,
        "$FILLMODE": 1,
        "$QTEXTMODE": 0,
        "$MIRRTEXT": 0,
        "$LTSCALE": 1,
        "$ATTMODE": 1,
        "$TEXTSIZE": 0.1875,
        "$TRACEWID": 0.05,
        "$TEXTSTYLE": "FG-Title",
        "$CLAYER": "FG-Dtl-Hidden",
        "$CELTYPE": "ByLayer",
        "$CECOLOR": 256,
        "$CELTSCALE": 1,
        "$DISPSILH": 1,
        "$DIMSCALE": 48,
        "$DIMASZ": 0.125,
        "$DIMEXO": 0.0625,
        "$DIMDLI": 0.375,
        "$DIMRND": 0,
        "$DIMDLE": 0,
        "$DIMEXE": 0.0625,
        "$DIMTP": 0,
        "$DIMTM": 0,
        "$DIMTXT": 0.09375,
        "$DIMCEN": 0.09,
        "$DIMTSZ": 0,
        "$DIMTOL": 0,
        "$DIMLIM": 0,
        "$DIMTIH": 0,
        "$DIMTOH": 0,
        "$DIMSE1": 0,
        "$DIMSE2": 0,
        "$DIMTAD": 1,
        "$DIMZIN": 0,
        "$DIMBLK": "Oblique",
        "$DIMASO": 1,
        "$DIMSHO": 1,
        "$DIMPOST": "\"",
        "$DIMAPOST": "",
        "$DIMALT": 0,
        "$DIMALTD": 4,
        "$DIMALTF": 1,
        "$DIMLFAC": 1,
        "$DIMTOFL": 1,
        "$DIMTVP": 0,
        "$DIMTIX": 0,
        "$DIMSOXD": 0,
        "$DIMSAH": 0,
        "$DIMBLK1": "",
        "$DIMBLK2": "",
        "$DIMSTYLE": "STANDARD",
        "$DIMCLRD": 256,
        "$DIMCLRE": 256,
        "$DIMCLRT": 256,
        "$DIMTFAC": 1,
        "$DIMGAP": 0.03125,
        "$DIMJUST": 0,
        "$DIMSD1": 0,
        "$DIMSD2": 0,
        "$DIMTOLJ": 1,
        "$DIMTZIN": 0,
        "$DIMALTZ": 0,
        "$DIMALTTZ": 0,
        "$DIMUPT": 0,
        "$DIMDEC": 4,
        "$DIMTDEC": 4,
        "$DIMALTU": 6,
        "$DIMALTTD": 4,
        "$DIMTXSTY": "FG-Note",
        "$DIMAUNIT": 0,
        "$DIMADEC": 0,
        "$DIMALTRND": 0,
        "$DIMAZIN": 0,
        "$DIMDSEP": 46,
        "$DIMATFIT": 0,
        "$DIMFRAC": 1,
        "$DIMLDRBLK": "",
        "$DIMLUNIT": 5,
        "$DIMLWD": -1,
        "$DIMLWE": -1,
        "$DIMTMOVE": 0,
        "$DIMFXL": 0.18,
        "$DIMFXLON": 0,
        "$DIMJOGANG": 0.7853981633974483,
        "$DIMTFILL": 0,
        "$DIMTFILLCLR": 0,
        "$DIMARCSYM": 0,
        "$DIMLTYPE": "ByLayer",
        "$DIMLTEX1": "ByLayer",
        "$DIMLTEX2": "ByLayer",
        "$DIMTXTDIRECTION": 0,
        "$LUNITS": 2,
        "$LUPREC": 5,
        "$SKETCHINC": 0.1,
        "$FILLETRAD": 0,
        "$AUNITS": 0,
        "$AUPREC": 0,
        "$MENU": ".",
        "$ELEVATION": 0,
        "$PELEVATION": 0,
        "$THICKNESS": 0,
        "$LIMCHECK": 0,
        "$CHAMFERA": 0,
        "$CHAMFERB": 0,
        "$CHAMFERC": 0,
        "$CHAMFERD": 0,
        "$SKPOLY": 0,
        "$TDCREATE": 2455379.770598715,
        "$TDUCREATE": 2455379.770598715,
        "$TDUPDATE": 2455614.973897338,
        "$TDUUPDATE": 2455614.973897338,
        "$TDINDWG": 1.6838402431,
        "$TDUSRTIMER": 1.6838402431,
        "$USRTIMER": 1,
        "$ANGBASE": 0,
        "$ANGDIR": 0,
        "$PDMODE": 0,
        "$PDSIZE": 0,
        "$PLINEWID": 0,
        "$SPLFRAME": 0,
        "$SPLINETYPE": 6,
        "$SPLINESEGS": 8,
        "$HANDSEED": "BFA8",
        "$SURFTAB1": 6,
        "$SURFTAB2": 6,
        "$SURFTYPE": 6,
        "$SURFU": 6,
        "$SURFV": 6,
        "$UCSBASE": "",
        "$UCSNAME": "",
        "$UCSORG": {
            "x": 0,
            "y": 0,
            "z": 0
        },
        "$UCSXDIR": {
            "x": 1,
            "y": 0,
            "z": 0
        },
        "$UCSYDIR": {
            "x": 0,
            "y": 1,
            "z": 0
        },
        "$UCSORTHOREF": "",
        "$UCSORTHOVIEW": 0,
        "$UCSORGTOP": {
            "x": 0,
            "y": 0,
            "z": 0
        },
        "$UCSORGBOTTOM": {
            "x": 0,
            "y": 0,
            "z": 0
        },
        "$UCSORGLEFT": {
            "x": 0,
            "y": 0,
            "z": 0
        },
        "$UCSORGRIGHT": {
            "x": 0,
            "y": 0,
            "z": 0
        },
        "$UCSORGFRONT": {
            "x": 0,
            "y": 0,
            "z": 0
        },
        "$UCSORGBACK": {
            "x": 0,
            "y": 0,
            "z": 0
        },
        "$PUCSBASE": "",
        "$PUCSNAME": "",
        "$PUCSORG": {
            "x": 0,
            "y": 0,
            "z": 0
        },
        "$PUCSXDIR": {
            "x": 1,
            "y": 0,
            "z": 0
        },
        "$PUCSYDIR": {
            "x": 0,
            "y": 1,
            "z": 0
        },
        "$PUCSORTHOREF": "",
        "$PUCSORTHOVIEW": 0,
        "$PUCSORGTOP": {
            "x": 0,
            "y": 0,
            "z": 0
        },
        "$PUCSORGBOTTOM": {
            "x": 0,
            "y": 0,
            "z": 0
        },
        "$PUCSORGLEFT": {
            "x": 0,
            "y": 0,
            "z": 0
        },
        "$PUCSORGRIGHT": {
            "x": 0,
            "y": 0,
            "z": 0
        },
        "$PUCSORGFRONT": {
            "x": 0,
            "y": 0,
            "z": 0
        },
        "$PUCSORGBACK": {
            "x": 0,
            "y": 0,
            "z": 0
        },
        "$USERI1": 0,
        "$USERI2": 0,
        "$USERI3": 0,
        "$USERI4": 0,
        "$USERI5": 0,
        "$USERR1": 0,
        "$USERR2": 0,
        "$USERR3": 0,
        "$USERR4": 0,
        "$USERR5": 0,
        "$WORLDVIEW": 1,
        "$SHADEDGE": 3,
        "$SHADEDIF": 70,
        "$TILEMODE": 0,
        "$MAXACTVP": 64,
        "$PINSBASE": {
            "x": 0,
            "y": 0,
            "z": 0
        },
        "$PLIMCHECK": 0,
        "$PEXTMIN": {
            "x": -0.25,
            "y": -0.1305130401371635,
            "z": 0
        },
        "$PEXTMAX": {
            "x": 16.5,
            "y": 10.61948695986283,
            "z": 0
        },
        "$PLIMMIN": {
            "x": -0.2499321702471884,
            "y": -0.3750450970290743
        },
        "$PLIMMAX": {
            "x": 16.75006734916103,
            "y": 10.62495466267503
        },
        "$UNITMODE": 0,
        "$VISRETAIN": 1,
        "$PLINEGEN": 0,
        "$PSLTSCALE": 1,
        "$TREEDEPTH": 3020,
        "$CMLSTYLE": "Standard",
        "$CMLJUST": 0,
        "$CMLSCALE": 1,
        "$PROXYGRAPHICS": 1,
        "$MEASUREMENT": 0,
        "$CELWEIGHT": -1,
        "$ENDCAPS": 0,
        "$JOINSTYLE": 0,
        "$LWDISPLAY": false,
        "$INSUNITS": 0,
        "$HYPERLINKBASE": "",
        "$STYLESHEET": "Florida.ctb",
        "$XEDIT": true,
        "$CEPSNTYPE": 0,
        "$PSTYLEMODE": true,
        "$FINGERPRINTGUID": "{E451773B-08B1-4376-9DA5-8F5F0D6C19EA}",
        "$VERSIONGUID": "{6EFBAB5D-9128-4E51-B2D4-822E03762ACA}",
        "$EXTNAMES": true,
        "$PSVPSCALE": 0,
        "$OLESTARTUP": false,
        "$SORTENTS": 127,
        "$INDEXCTL": 0,
        "$HIDETEXT": 1,
        "$XCLIPFRAME": 0,
        "$HALOGAP": 0,
        "$OBSCOLOR": 257,
        "$OBSLTYPE": 0,
        "$INTERSECTIONDISPLAY": 0,
        "$INTERSECTIONCOLOR": 257,
        "$DIMASSOC": 2,
        "$PROJECTNAME": "",
        "$CAMERADISPLAY": false,
        "$LENSLENGTH": 50,
        "$CAMERAHEIGHT": 0,
        "$STEPSPERSEC": 2,
        "$STEPSIZE": 6,
        "$3DDWFPREC": 2,
        "$PSOLWIDTH": 0.25,
        "$PSOLHEIGHT": 4,
        "$LOFTANG1": 1.570796326794896,
        "$LOFTANG2": 1.570796326794896,
        "$LOFTMAG1": 0,
        "$LOFTMAG2": 0,
        "$LOFTPARAM": 7,
        "$LOFTNORMALS": 1,
        "$LATITUDE": 37.795,
        "$LONGITUDE": -122.394,
        "$NORTHDIRECTION": 0,
        "$TIMEZONE": -8000,
        "$LIGHTGLYPHDISPLAY": 1,
        "$TILEMODELIGHTSYNCH": 1,
        "$CMATERIAL": "96",
        "$SOLIDHIST": 0,
        "$SHOWHIST": 1,
        "$DWFFRAME": 2,
        "$DGNFRAME": 0,
        "$REALWORLDSCALE": true,
        "$INTERFERECOLOR": 1,
        "$INTERFEREOBJVS": "A3",
        "$INTERFEREVPVS": "BF84",
        "$CSHADOW": 0,
        "$SHADOWPLANELOCATION": 0
    }
}