[{"code":0,"value":"SECTION"},{"code":2,"value":"HEADER"},{"code":9,"value":"$ACADVER"},{"code":1,"value":"AC1027"},{"code":9,"value":"$ACADMAINTVER"},{"code":70,"value":55},{"code":9,"value":"$DWGCODEPAGE"},{"code":3,"value":"ANSI_1252"},{"code":9,"value":"$LASTSAVEDBY"},{"code":1,"value":"Shane"},{"code":9,"value":"$REQUIREDVERSIONS"},{"code":160,"value":0},{"code":9,"value":"$INSBASE"},{"code":10,"value":0},{"code":20,"value":0},{"code":30,"value":0},{"code":9,"value":"$EXTMIN"},{"code":10,"value":146.8403717847312},{"code":20,"value":141.8294137695975},{"code":30,"value":-5.934454319554902},{"code":9,"value":"$EXTMAX"},{"code":10,"value":762.6679804989191},{"code":20,"value":545.821967323924},{"code":30,"value":6.065545680445099},{"code":9,"value":"$LIMMIN"},{"code":10,"value":0},{"code":20,"value":0},{"code":9,"value":"$LIMMAX"},{"code":10,"value":1000},{"code":20,"value":800},{"code":9,"value":"$ORTHOMODE"},{"code":70,"value":1},{"code":9,"value":"$REGENMODE"},{"code":70,"value":1},{"code":9,"value":"$FILLMODE"},{"code":70,"value":1},{"code":9,"value":"$QTEXTMODE"},{"code":70,"value":0},{"code":9,"value":"$MIRRTEXT"},{"code":70,"value":0},{"code":9,"value":"$LTSCALE"},{"code":40,"value":1},{"code":9,"value":"$ATTMODE"},{"code":70,"value":1},{"code":9,"value":"$TEXTSIZE"},{"code":40,"value":0.1875},{"code":9,"value":"$TRACEWID"},{"code":40,"value":0.05},{"code":9,"value":"$TEXTSTYLE"},{"code":7,"value":"FG-Title"},{"code":9,"value":"$CLAYER"},{"code":8,"value":"FG-Dtl-Hidden"},{"code":9,"value":"$CELTYPE"},{"code":6,"value":"ByLayer"},{"code":9,"value":"$CECOLOR"},{"code":62,"value":256},{"code":9,"value":"$CELTSCALE"},{"code":40,"value":1},{"code":9,"value":"$DISPSILH"},{"code":70,"value":1},{"code":9,"value":"$DIMSCALE"},{"code":40,"value":48},{"code":9,"value":"$DIMASZ"},{"code":40,"value":0.125},{"code":9,"value":"$DIMEXO"},{"code":40,"value":0.0625},{"code":9,"value":"$DIMDLI"},{"code":40,"value":0.375},{"code":9,"value":"$DIMRND"},{"code":40,"value":0},{"code":9,"value":"$DIMDLE"},{"code":40,"value":0},{"code":9,"value":"$DIMEXE"},{"code":40,"value":0.0625},{"code":9,"value":"$DIMTP"},{"code":40,"value":0},{"code":9,"value":"$DIMTM"},{"code":40,"value":0},{"code":9,"value":"$DIMTXT"},{"code":40,"value":0.09375},{"code":9,"value":"$DIMCEN"},{"code":40,"value":0.09},{"code":9,"value":"$DIMTSZ"},{"code":40,"value":0},{"code":9,"value":"$DIMTOL"},{"code":70,"value":0},{"code":9,"value":"$DIMLIM"},{"code":70,"value":0},{"code":9,"value":"$DIMTIH"},{"code":70,"value":0},{"code":9,"value":"$DIMTOH"},{"code":70,"value":0},{"code":9,"value":"$DIMSE1"},{"code":70,"value":0},{"code":9,"value":"$DIMSE2"},{"code":70,"value":0},{"code":9,"value":"$DIMTAD"},{"code":70,"value":1},{"code":9,"value":"$DIMZIN"},{"code":70,"value":0},{"code":9,"value":"$DIMBLK"},{"code":1,"value":"Oblique"},{"code":9,"value":"$DIMASO"},{"code":70,"value":1},{"code":9,"value":"$DIMSHO"},{"code":70,"value":1},{"code":9,"value":"$DIMPOST"},{"code":1,"value":"\""},{"code":9,"value":"$DIMAPOST"},{"code":1,"value":""},{"code":9,"value":"$DIMALT"},{"code":70,"value":0},{"code":9,"value":"$DIMALTD"},{"code":70,"value":4},{"code":9,"value":"$DIMALTF"},{"code":40,"value":1},{"code":9,"value":"$DIMLFAC"},{"code":40,"value":1},{"code":9,"value":"$DIMTOFL"},{"code":70,"value":1},{"code":9,"value":"$DIMTVP"},{"code":40,"value":0},{"code":9,"value":"$DIMTIX"},{"code":70,"value":0},{"code":9,"value":"$DIMSOXD"},{"code":70,"value":0},{"code":9,"value":"$DIMSAH"},{"code":70,"value":0},{"code":9,"value":"$DIMBLK1"},{"code":1,"value":""},{"code":9,"value":"$DIMBLK2"},{"code":1,"value":""},{"code":9,"value":"$DIMSTYLE"},{"code":2,"value":"STANDARD"},{"code":9,"value":"$DIMCLRD"},{"code":70,"value":256},{"code":9,"value":"$DIMCLRE"},{"code":70,"value":256},{"code":9,"value":"$DIMCLRT"},{"code":70,"value":256},{"code":9,"value":"$DIMTFAC"},{"code":40,"value":1},{"code":9,"value":"$DIMGAP"},{"code":40,"value":0.03125},{"code":9,"value":"$DIMJUST"},{"code":70,"value":0},{"code":9,"value":"$DIMSD1"},{"code":70,"value":0},{"code":9,"value":"$DIMSD2"},{"code":70,"value":0},{"code":9,"value":"$DIMTOLJ"},{"code":70,"value":1},{"code":9,"value":"$DIMTZIN"},{"code":70,"value":0},{"code":9,"value":"$DIMALTZ"},{"code":70,"value":0},{"code":9,"value":"$DIMALTTZ"},{"code":70,"value":0},{"code":9,"value":"$DIMUPT"},{"code":70,"value":0},{"code":9,"value":"$DIMDEC"},{"code":70,"value":4},{"code":9,"value":"$DIMTDEC"},{"code":70,"value":4},{"code":9,"value":"$DIMALTU"},{"code":70,"value":6},{"code":9,"value":"$DIMALTTD"},{"code":70,"value":4},{"code":9,"value":"$DIMTXSTY"},{"code":7,"value":"FG-Note"},{"code":9,"value":"$DIMAUNIT"},{"code":70,"value":0},{"code":9,"value":"$DIMADEC"},{"code":70,"value":0},{"code":9,"value":"$DIMALTRND"},{"code":40,"value":0},{"code":9,"value":"$DIMAZIN"},{"code":70,"value":0},{"code":9,"value":"$DIMDSEP"},{"code":70,"value":46},{"code":9,"value":"$DIMATFIT"},{"code":70,"value":0},{"code":9,"value":"$DIMFRAC"},{"code":70,"value":1},{"code":9,"value":"$DIMLDRBLK"},{"code":1,"value":""},{"code":9,"value":"$DIMLUNIT"},{"code":70,"value":5},{"code":9,"value":"$DIMLWD"},{"code":70,"value":-1},{"code":9,"value":"$DIMLWE"},{"code":70,"value":-1},{"code":9,"value":"$DIMTMOVE"},{"code":70,"value":0},{"code":9,"value":"$DIMFXL"},{"code":40,"value":0.18},{"code":9,"value":"$DIMFXLON"},{"code":70,"value":0},{"code":9,"value":"$DIMJOGANG"},{"code":40,"value":0.7853981633974483},{"code":9,"value":"$DIMTFILL"},{"code":70,"value":0},{"code":9,"value":"$DIMTFILLCLR"},{"code":70,"value":0},{"code":9,"value":"$DIMARCSYM"},{"code":70,"value":0},{"code":9,"value":"$DIMLTYPE"},{"code":6,"value":"ByLayer"},{"code":9,"value":"$DIMLTEX1"},{"code":6,"value":"ByLayer"},{"code":9,"value":"$DIMLTEX2"},{"code":6,"value":"ByLayer"},{"code":9,"value":"$DIMTXTDIRECTION"},{"code":70,"value":0},{"code":9,"value":"$LUNITS"},{"code":70,"value":2},{"code":9,"value":"$LUPREC"},{"code":70,"value":5},{"code":9,"value":"$SKETCHINC"},{"code":40,"value":0.1},{"code":9,"value":"$FILLETRAD"},{"code":40,"value":0},{"code":9,"value":"$AUNITS"},{"code":70,"value":0},{"code":9,"value":"$AUPREC"},{"code":70,"value":0},{"code":9,"value":"$MENU"},{"code":1,"value":"."},{"code":9,"value":"$ELEVATION"},{"code":40,"value":0},{"code":9,"value":"$PELEVATION"},{"code":40,"value":0},{"code":9,"value":"$THICKNESS"},{"code":40,"value":0},{"code":9,"value":"$LIMCHECK"},{"code":70,"value":0},{"code":9,"value":"$CHAMFERA"},{"code":40,"value":0},{"code":9,"value":"$CHAMFERB"},{"code":40,"value":0},{"code":9,"value":"$CHAMFERC"},{"code":40,"value":0},{"code":9,"value":"$CHAMFERD"},{"code":40,"value":0},{"code":9,"value":"$SKPOLY"},{"code":70,"value":0},{"code":9,"value":"$TDCREATE"},{"code":40,"value":2455379.770598715},{"code":9,"value":"$TDUCREATE"},{"code":40,"value":2455379.770598715},{"code":9,"value":"$TDUPDATE"},{"code":40,"value":2455614.973897338},{"code":9,"value":"$TDUUPDATE"},{"code":40,"value":2455614.973897338},{"code":9,"value":"$TDINDWG"},{"code":40,"value":1.6838402431},{"code":9,"value":"$TDUSRTIMER"},{"code":40,"value":1.6838402431},{"code":9,"value":"$USRTIMER"},{"code":70,"value":1},{"code":9,"value":"$ANGBASE"},{"code":50,"value":0},{"code":9,"value":"$ANGDIR"},{"code":70,"value":0},{"code":9,"value":"$PDMODE"},{"code":70,"value":0},{"code":9,"value":"$PDSIZE"},{"code":40,"value":0},{"code":9,"value":"$PLINEWID"},{"code":40,"value":0},{"code":9,"value":"$SPLFRAME"},{"code":70,"value":0},{"code":9,"value":"$SPLINETYPE"},{"code":70,"value":6},{"code":9,"value":"$SPLINESEGS"},{"code":70,"value":8},{"code":9,"value":"$HANDSEED"},{"code":5,"value":"BFA8"},{"code":9,"value":"$SURFTAB1"},{"code":70,"value":6},{"code":9,"value":"$SURFTAB2"},{"code":70,"value":6},{"code":9,"value":"$SURFTYPE"},{"code":70,"value":6},{"code":9,"value":"$SURFU"},{"code":70,"value":6},{"code":9,"value":"$SURFV"},{"code":70,"value":6},{"code":9,"value":"$UCSBASE"},{"code":2,"value":""},{"code":9,"value":"$UCSNAME"},{"code":2,"value":""},{"code":9,"value":"$UCSORG"},{"code":10,"value":0},{"code":20,"value":0},{"code":30,"value":0},{"code":9,"value":"$UCSXDIR"},{"code":10,"value":1},{"code":20,"value":0},{"code":30,"value":0},{"code":9,"value":"$UCSYDIR"},{"code":10,"value":0},{"code":20,"value":1},{"code":30,"value":0},{"code":9,"value":"$UCSORTHOREF"},{"code":2,"value":""},{"code":9,"value":"$UCSORTHOVIEW"},{"code":70,"value":0},{"code":9,"value":"$UCSORGTOP"},{"code":10,"value":0},{"code":20,"value":0},{"code":30,"value":0},{"code":9,"value":"$UCSORGBOTTOM"},{"code":10,"value":0},{"code":20,"value":0},{"code":30,"value":0},{"code":9,"value":"$UCSORGLEFT"},{"code":10,"value":0},{"code":20,"value":0},{"code":30,"value":0},{"code":9,"value":"$UCSORGRIGHT"},{"code":10,"value":0},{"code":20,"value":0},{"code":30,"value":0},{"code":9,"value":"$UCSORGFRONT"},{"code":10,"value":0},{"code":20,"value":0},{"code":30,"value":0},{"code":9,"value":"$UCSORGBACK"},{"code":10,"value":0},{"code":20,"value":0},{"code":30,"value":0},{"code":9,"value":"$PUCSBASE"},{"code":2,"value":""},{"code":9,"value":"$PUCSNAME"},{"code":2,"value":""},{"code":9,"value":"$PUCSORG"},{"code":10,"value":0},{"code":20,"value":0},{"code":30,"value":0},{"code":9,"value":"$PUCSXDIR"},{"code":10,"value":1},{"code":20,"value":0},{"code":30,"value":0},{"code":9,"value":"$PUCSYDIR"},{"code":10,"value":0},{"code":20,"value":1},{"code":30,"value":0},{"code":9,"value":"$PUCSORTHOREF"},{"code":2,"value":""},{"code":9,"value":"$PUCSORTHOVIEW"},{"code":70,"value":0},{"code":9,"value":"$PUCSORGTOP"},{"code":10,"value":0},{"code":20,"value":0},{"code":30,"value":0},{"code":9,"value":"$PUCSORGBOTTOM"},{"code":10,"value":0},{"code":20,"value":0},{"code":30,"value":0},{"code":9,"value":"$PUCSORGLEFT"},{"code":10,"value":0},{"code":20,"value":0},{"code":30,"value":0},{"code":9,"value":"$PUCSORGRIGHT"},{"code":10,"value":0},{"code":20,"value":0},{"code":30,"value":0},{"code":9,"value":"$PUCSORGFRONT"},{"code":10,"value":0},{"code":20,"value":0},{"code":30,"value":0},{"code":9,"value":"$PUCSORGBACK"},{"code":10,"value":0},{"code":20,"value":0},{"code":30,"value":0},{"code":9,"value":"$USERI1"},{"code":70,"value":0},{"code":9,"value":"$USERI2"},{"code":70,"value":0},{"code":9,"value":"$USERI3"},{"code":70,"value":0},{"code":9,"value":"$USERI4"},{"code":70,"value":0},{"code":9,"value":"$USERI5"},{"code":70,"value":0},{"code":9,"value":"$USERR1"},{"code":40,"value":0},{"code":9,"value":"$USERR2"},{"code":40,"value":0},{"code":9,"value":"$USERR3"},{"code":40,"value":0},{"code":9,"value":"$USERR4"},{"code":40,"value":0},{"code":9,"value":"$USERR5"},{"code":40,"value":0},{"code":9,"value":"$WORLDVIEW"},{"code":70,"value":1},{"code":9,"value":"$SHADEDGE"},{"code":70,"value":3},{"code":9,"value":"$SHADEDIF"},{"code":70,"value":70},{"code":9,"value":"$TILEMODE"},{"code":70,"value":0},{"code":9,"value":"$MAXACTVP"},{"code":70,"value":64},{"code":9,"value":"$PINSBASE"},{"code":10,"value":0},{"code":20,"value":0},{"code":30,"value":0},{"code":9,"value":"$PLIMCHECK"},{"code":70,"value":0},{"code":9,"value":"$PEXTMIN"},{"code":10,"value":-0.25},{"code":20,"value":-0.1305130401371635},{"code":30,"value":0},{"code":9,"value":"$PEXTMAX"},{"code":10,"value":16.5},{"code":20,"value":10.61948695986283},{"code":30,"value":0},{"code":9,"value":"$PLIMMIN"},{"code":10,"value":-0.2499321702471884},{"code":20,"value":-0.3750450970290743},{"code":9,"value":"$PLIMMAX"},{"code":10,"value":16.75006734916103},{"code":20,"value":10.62495466267503},{"code":9,"value":"$UNITMODE"},{"code":70,"value":0},{"code":9,"value":"$VISRETAIN"},{"code":70,"value":1},{"code":9,"value":"$PLINEGEN"},{"code":70,"value":0},{"code":9,"value":"$PSLTSCALE"},{"code":70,"value":1},{"code":9,"value":"$TREEDEPTH"},{"code":70,"value":3020},{"code":9,"value":"$CMLSTYLE"},{"code":2,"value":"Standard"},{"code":9,"value":"$CMLJUST"},{"code":70,"value":0},{"code":9,"value":"$CMLSCALE"},{"code":40,"value":1},{"code":9,"value":"$PROXYGRAPHICS"},{"code":70,"value":1},{"code":9,"value":"$MEASUREMENT"},{"code":70,"value":0},{"code":9,"value":"$CELWEIGHT"},{"code":370,"value":-1},{"code":9,"value":"$ENDCAPS"},{"code":280,"value":0},{"code":9,"value":"$JOINSTYLE"},{"code":280,"value":0},{"code":9,"value":"$LWDISPLAY"},{"code":290,"value":false},{"code":9,"value":"$INSUNITS"},{"code":70,"value":0},{"code":9,"value":"$HYPERLINKBASE"},{"code":1,"value":""},{"code":9,"value":"$STYLESHEET"},{"code":1,"value":"Florida.ctb"},{"code":9,"value":"$XEDIT"},{"code":290,"value":true},{"code":9,"value":"$CEPSNTYPE"},{"code":380,"value":0},{"code":9,"value":"$PSTYLEMODE"},{"code":290,"value":true},{"code":9,"value":"$FINGERPRINTGUID"},{"code":2,"value":"{E451773B-08B1-4376-9DA5-8F5F0D6C19EA}"},{"code":9,"value":"$VERSIONGUID"},{"code":2,"value":"{6EFBAB5D-9128-4E51-B2D4-822E03762ACA}"},{"code":9,"value":"$EXTNAMES"},{"code":290,"value":true},{"code":9,"value":"$PSVPSCALE"},{"code":40,"value":0},{"code":9,"value":"$OLESTARTUP"},{"code":290,"value":false},{"code":9,"value":"$SORTENTS"},{"code":280,"value":127},{"code":9,"value":"$INDEXCTL"},{"code":280,"value":0},{"code":9,"value":"$HIDETEXT"},{"code":280,"value":1},{"code":9,"value":"$XCLIPFRAME"},{"code":280,"value":0},{"code":9,"value":"$HALOGAP"},{"code":280,"value":0},{"code":9,"value":"$OBSCOLOR"},{"code":70,"value":257},{"code":9,"value":"$OBSLTYPE"},{"code":280,"value":0},{"code":9,"value":"$INTERSECTIONDISPLAY"},{"code":280,"value":0},{"code":9,"value":"$INTERSECTIONCOLOR"},{"code":70,"value":257},{"code":9,"value":"$DIMASSOC"},{"code":280,"value":2},{"code":9,"value":"$PROJECTNAME"},{"code":1,"value":""},{"code":9,"value":"$CAMERADISPLAY"},{"code":290,"value":false},{"code":9,"value":"$LENSLENGTH"},{"code":40,"value":50},{"code":9,"value":"$CAMERAHEIGHT"},{"code":40,"value":0},{"code":9,"value":"$STEPSPERSEC"},{"code":40,"value":2},{"code":9,"value":"$STEPSIZE"},{"code":40,"value":6},{"code":9,"value":"$3DDWFPREC"},{"code":40,"value":2},{"code":9,"value":"$PSOLWIDTH"},{"code":40,"value":0.25},{"code":9,"value":"$PSOLHEIGHT"},{"code":40,"value":4},{"code":9,"value":"$LOFTANG1"},{"code":40,"value":1.570796326794896},{"code":9,"value":"$LOFTANG2"},{"code":40,"value":1.570796326794896},{"code":9,"value":"$LOFTMAG1"},{"code":40,"value":0},{"code":9,"value":"$LOFTMAG2"},{"code":40,"value":0},{"code":9,"value":"$LOFTPARAM"},{"code":70,"value":7},{"code":9,"value":"$LOFTNORMALS"},{"code":280,"value":1},{"code":9,"value":"$LATITUDE"},{"code":40,"value":37.795},{"code":9,"value":"$LONGITUDE"},{"code":40,"value":-122.394},{"code":9,"value":"$NORTHDIRECTION"},{"code":40,"value":0},{"code":9,"value":"$TIMEZONE"},{"code":70,"value":-8000},{"code":9,"value":"$LIGHTGLYPHDISPLAY"},{"code":280,"value":1},{"code":9,"value":"$TILEMODELIGHTSYNCH"},{"code":280,"value":1},{"code":9,"value":"$CMATERIAL"},{"code":347,"value":"96"},{"code":9,"value":"$SOLIDHIST"},{"code":280,"value":0},{"code":9,"value":"$SHOWHIST"},{"code":280,"value":1},{"code":9,"value":"$DWFFRAME"},{"code":280,"value":2},{"code":9,"value":"$DGNFRAME"},{"code":280,"value":0},{"code":9,"value":"$REALWORLDSCALE"},{"code":290,"value":true},{"code":9,"value":"$INTERFERECOLOR"},{"code":62,"value":1},{"code":9,"value":"$INTERFEREOBJVS"},{"code":345,"value":"A3"},{"code":9,"value":"$INTERFEREVPVS"},{"code":346,"value":"BF84"},{"code":9,"value":"$CSHADOW"},{"code":280,"value":0},{"code":9,"value":"$SHADOWPLANELOCATION"},{"code":40,"value":0},{"code":0,"value":"ENDSEC"},{"code":0,"value":"EOF"}]